[0m20:28:35.437327 [debug] [MainThread]: Sending event: {'category': 'dbt', 'action': 'invocation', 'label': 'start', 'context': [<snowplow_tracker.self_describing_json.SelfDescribingJson object at 0x000001FD31FDD7F0>, <snowplow_tracker.self_describing_json.SelfDescribingJson object at 0x000001FD2F914E10>, <snowplow_tracker.self_describing_json.SelfDescribingJson object at 0x000001FD34867C50>]}


============================== 20:28:35.471763 | a1c18e1c-3e16-4525-84c2-b8e5ae58596d ==============================
[0m20:28:35.471763 [info ] [MainThread]: Running with dbt=1.12.0
[0m20:28:35.473946 [debug] [MainThread]: running dbt with arguments {'maximum_seed_size_mib': '1', 'no_print': 'None', 'version_check': 'True', 'warn_error_options': 'WarnErrorOptionsV2(error=[], warn=[], silence=[])', 'target_path': 'None', 'static_parser': 'True', 'printer_width': '80', 'write_json': 'True', 'empty': 'None', 'log_cache_events': 'False', 'introspect': 'True', 'cache_selected_only': 'False', 'fail_fast': 'False', 'debug': 'False', 'log_format': 'default', 'partial_parse': 'True', 'send_anonymous_usage_stats': 'True', 'quiet': 'False', 'warn_error': 'None', 'profiles_dir': 'C:\\Users\\Gonza\\.dbt', 'indirect_selection': 'eager', 'hints_enabled': 'True', 'invocation_command': 'dbt clean', 'use_experimental_parser': 'False', 'use_colors': 'True', 'log_path': 'logs'}
[0m20:28:35.476311 [error] [MainThread]: [[31mERROR[0m]: Encountered an error:
Runtime Error
  No dbt_project.yml found at expected path C:\Users\Gonza\OneDrive\Documents\GDrive\Kusanya\Dev\kusanya\dbt_project.yml
  Verify that each entry within packages.yml (and their transitive dependencies) contains a file named dbt_project.yml
  
[0m20:28:35.480492 [debug] [MainThread]: Command `dbt clean` failed at 20:28:35.479845 after 0.64 seconds
[0m20:28:35.481701 [debug] [MainThread]: Sending event: {'category': 'dbt', 'action': 'invocation', 'label': 'end', 'context': [<snowplow_tracker.self_describing_json.SelfDescribingJson object at 0x000001FD346CC050>, <snowplow_tracker.self_describing_json.SelfDescribingJson object at 0x000001FD34627AD0>, <snowplow_tracker.self_describing_json.SelfDescribingJson object at 0x000001FD3483ACF0>]}
[0m20:28:35.483490 [debug] [MainThread]: Flushing usage events
[0m20:28:35.509132 [debug] [MainThread]: An error was encountered while trying to flush usage events
[0m09:46:49.315012 [debug] [MainThread]: Sending event: {'category': 'dbt', 'action': 'invocation', 'label': 'start', 'context': [<snowplow_tracker.self_describing_json.SelfDescribingJson object at 0x000002568311D7F0>, <snowplow_tracker.self_describing_json.SelfDescribingJson object at 0x0000025680A28F50>, <snowplow_tracker.self_describing_json.SelfDescribingJson object at 0x00000256859A3C50>]}


============================== 09:46:49.327010 | 1d054fff-d943-43c0-b349-b90b07cb3ffd ==============================
[0m09:46:49.327010 [info ] [MainThread]: Running with dbt=1.12.0
[0m09:46:49.327808 [debug] [MainThread]: running dbt with arguments {'version_check': 'True', 'no_print': 'None', 'maximum_seed_size_mib': '1', 'warn_error_options': 'WarnErrorOptionsV2(error=[], warn=[], silence=[])', 'target_path': 'None', 'static_parser': 'True', 'printer_width': '80', 'write_json': 'True', 'empty': 'None', 'log_cache_events': 'False', 'introspect': 'True', 'cache_selected_only': 'False', 'log_format': 'default', 'debug': 'False', 'fail_fast': 'False', 'profiles_dir': 'C:\\Users\\Gonza\\.dbt', 'send_anonymous_usage_stats': 'True', 'quiet': 'False', 'warn_error': 'None', 'partial_parse': 'True', 'use_colors': 'True', 'hints_enabled': 'True', 'indirect_selection': 'eager', 'use_experimental_parser': 'False', 'invocation_command': 'dbt debug', 'log_path': 'logs'}
[0m09:46:49.349574 [info ] [MainThread]: dbt version: 1.12.0
[0m09:46:49.350119 [info ] [MainThread]: python version: 3.14.3
[0m09:46:49.350511 [info ] [MainThread]: python path: C:\Python314\python.exe
[0m09:46:49.350952 [info ] [MainThread]: os info: Windows-11-10.0.26200-SP0
[0m09:46:49.414464 [info ] [MainThread]: Using profiles dir at C:\Users\Gonza\.dbt
[0m09:46:49.415098 [info ] [MainThread]: Using profiles.yml file at C:\Users\Gonza\.dbt\profiles.yml
[0m09:46:49.415560 [info ] [MainThread]: Using dbt_project.yml file at C:\Users\Gonza\OneDrive\Documents\GDrive\Kusanya\Dev\kusanya\dbt_project.yml
[0m09:46:49.416774 [info ] [MainThread]: adapter type: postgres
[0m09:46:49.417351 [info ] [MainThread]: adapter version: 1.11.0
[0m09:46:49.417843 [info ] [MainThread]: Configuration:
[0m09:46:49.418236 [info ] [MainThread]:   profiles.yml file [[32mOK found and valid[0m]
[0m09:46:49.418572 [info ] [MainThread]:   dbt_project.yml file [[31mERROR not found[0m]
[0m09:46:49.418885 [info ] [MainThread]: Required dependencies:
[0m09:46:49.419250 [debug] [MainThread]: Executing "git --help"
[0m09:46:49.475661 [debug] [MainThread]: STDOUT: "b"usage: git [-v | --version] [-h | --help] [-C <path>] [-c <name>=<value>]\n           [--exec-path[=<path>]] [--html-path] [--man-path] [--info-path]\n           [-p | --paginate | -P | --no-pager] [--no-replace-objects] [--no-lazy-fetch]\n           [--no-optional-locks] [--no-advice] [--bare] [--git-dir=<path>]\n           [--work-tree=<path>] [--namespace=<name>] [--config-env=<name>=<envvar>]\n           <command> [<args>]\n\nThese are common Git commands used in various situations:\n\nstart a working area (see also: git help tutorial)\n   clone      Clone a repository into a new directory\n   init       Create an empty Git repository or reinitialize an existing one\n\nwork on the current change (see also: git help everyday)\n   add        Add file contents to the index\n   mv         Move or rename a file, a directory, or a symlink\n   restore    Restore working tree files\n   rm         Remove files from the working tree and from the index\n\nexamine the history and state (see also: git help revisions)\n   bisect     Use binary search to find the commit that introduced a bug\n   diff       Show changes between commits, commit and working tree, etc\n   grep       Print lines matching a pattern\n   log        Show commit logs\n   show       Show various types of objects\n   status     Show the working tree status\n\ngrow, mark and tweak your common history\n   backfill   Download missing objects in a partial clone\n   branch     List, create, or delete branches\n   commit     Record changes to the repository\n   history    EXPERIMENTAL: Rewrite history\n   merge      Join two or more development histories together\n   rebase     Reapply commits on top of another base tip\n   reset      Set `HEAD` or the index to a known state\n   switch     Switch branches\n   tag        Create, list, delete or verify tags\n\ncollaborate (see also: git help workflows)\n   fetch      Download objects and refs from another repository\n   pull       Fetch from and integrate with another repository or a local branch\n   push       Update remote refs along with associated objects\n\n'git help -a' and 'git help -g' list available subcommands and some\nconcept guides. See 'git help <command>' or 'git help <concept>'\nto read about a specific subcommand or concept.\nSee 'git help git' for an overview of the system.\n""
[0m09:46:49.476236 [debug] [MainThread]: STDERR: "b''"
[0m09:46:49.476667 [info ] [MainThread]:  - git [[32mOK found[0m]

[0m09:46:49.477172 [info ] [MainThread]: Connection:
[0m09:46:49.477629 [info ] [MainThread]:   host: localhost
[0m09:46:49.477993 [info ] [MainThread]:   port: 5432
[0m09:46:49.478383 [info ] [MainThread]:   user: postgres
[0m09:46:49.478760 [info ] [MainThread]:   database: kusanya
[0m09:46:49.479075 [info ] [MainThread]:   schema: public
[0m09:46:49.479377 [info ] [MainThread]:   connect_timeout: 10
[0m09:46:49.479751 [info ] [MainThread]:   role: None
[0m09:46:49.480170 [info ] [MainThread]:   search_path: None
[0m09:46:49.480522 [info ] [MainThread]:   keepalives_idle: 0
[0m09:46:49.480893 [info ] [MainThread]:   sslmode: None
[0m09:46:49.481207 [info ] [MainThread]:   sslcert: None
[0m09:46:49.481513 [info ] [MainThread]:   sslkey: None
[0m09:46:49.482016 [info ] [MainThread]:   sslrootcert: None
[0m09:46:49.482526 [info ] [MainThread]:   application_name: dbt
[0m09:46:49.482919 [info ] [MainThread]:   autocommit: False
[0m09:46:49.483324 [info ] [MainThread]:   retries: 1
[0m09:46:49.484071 [info ] [MainThread]: Registered adapter: postgres=1.11.0
[0m09:46:49.871720 [debug] [MainThread]: Acquiring new postgres connection 'debug'
[0m09:46:49.977295 [debug] [MainThread]: Using postgres connection "debug"
[0m09:46:49.977691 [debug] [MainThread]: On debug: select 1 as id
[0m09:46:49.977939 [debug] [MainThread]: Opening a new connection, currently in state init
[0m09:46:50.030972 [debug] [MainThread]: SQL status: SELECT 1 in 0.053 seconds
[0m09:46:50.032226 [debug] [MainThread]: On debug: Close
[0m09:46:50.032742 [info ] [MainThread]:   Connection test: [[32mOK connection ok[0m]

[0m09:46:50.033202 [info ] [MainThread]: [31m1 check failed:[0m
[0m09:46:50.033712 [info ] [MainThread]: Project loading failed for the following reason:
 project path <C:\Users\Gonza\OneDrive\Documents\GDrive\Kusanya\Dev\kusanya\dbt_project.yml> not found

[0m09:46:50.034626 [debug] [MainThread]: Command `dbt debug` failed at 09:46:50.034510 after 0.90 seconds
[0m09:46:50.035213 [debug] [MainThread]: Connection 'debug' was properly closed.
[0m09:46:50.035584 [debug] [MainThread]: Sending event: {'category': 'dbt', 'action': 'invocation', 'label': 'end', 'context': [<snowplow_tracker.self_describing_json.SelfDescribingJson object at 0x000002568580BBB0>, <snowplow_tracker.self_describing_json.SelfDescribingJson object at 0x0000025685A52690>, <snowplow_tracker.self_describing_json.SelfDescribingJson object at 0x0000025685A8AF10>]}
[0m09:46:50.035978 [debug] [MainThread]: Flushing usage events
[0m09:46:50.868847 [debug] [MainThread]: An error was encountered while trying to flush usage events
[0m13:56:43.499560 [debug] [MainThread]: Sending event: {'category': 'dbt', 'action': 'invocation', 'label': 'start', 'context': [<snowplow_tracker.self_describing_json.SelfDescribingJson object at 0x000001DCB1448830>, <snowplow_tracker.self_describing_json.SelfDescribingJson object at 0x000001DCAED34CD0>, <snowplow_tracker.self_describing_json.SelfDescribingJson object at 0x000001DCB3C0F9D0>]}


============================== 13:56:43.511440 | 8175438f-acf0-4450-9843-69da5bb814fb ==============================
[0m13:56:43.511440 [info ] [MainThread]: Running with dbt=1.12.0
[0m13:56:43.513742 [debug] [MainThread]: running dbt with arguments {'static_parser': 'True', 'no_print': 'None', 'version_check': 'True', 'target_path': 'None', 'maximum_seed_size_mib': '1', 'warn_error_options': 'WarnErrorOptionsV2(error=[], warn=[], silence=[])', 'printer_width': '80', 'write_json': 'True', 'empty': 'None', 'log_cache_events': 'False', 'introspect': 'True', 'cache_selected_only': 'False', 'fail_fast': 'False', 'debug': 'False', 'log_format': 'default', 'partial_parse': 'True', 'send_anonymous_usage_stats': 'True', 'quiet': 'False', 'warn_error': 'None', 'profiles_dir': 'C:\\Users\\Gonza\\.dbt', 'use_colors': 'True', 'hints_enabled': 'True', 'indirect_selection': 'eager', 'use_experimental_parser': 'False', 'invocation_command': 'dbt debug', 'log_path': 'logs'}
[0m13:56:43.555457 [info ] [MainThread]: dbt version: 1.12.0
[0m13:56:43.556537 [info ] [MainThread]: python version: 3.14.3
[0m13:56:43.557556 [info ] [MainThread]: python path: C:\Python314\python.exe
[0m13:56:43.558550 [info ] [MainThread]: os info: Windows-11-10.0.26200-SP0
[0m13:56:43.712905 [info ] [MainThread]: Using profiles dir at C:\Users\Gonza\.dbt
[0m13:56:43.714380 [info ] [MainThread]: Using profiles.yml file at C:\Users\Gonza\.dbt\profiles.yml
[0m13:56:43.715889 [info ] [MainThread]: Using dbt_project.yml file at C:\Users\Gonza\OneDrive\Documents\GDrive\Kusanya\Dev\kusanya\dbt_project.yml
[0m13:56:43.718573 [info ] [MainThread]: adapter type: postgres
[0m13:56:43.719896 [info ] [MainThread]: adapter version: 1.11.0
[0m13:56:43.721785 [info ] [MainThread]: Configuration:
[0m13:56:43.723401 [info ] [MainThread]:   profiles.yml file [[32mOK found and valid[0m]
[0m13:56:43.724755 [info ] [MainThread]:   dbt_project.yml file [[31mERROR not found[0m]
[0m13:56:43.725473 [info ] [MainThread]: Required dependencies:
[0m13:56:43.726851 [debug] [MainThread]: Executing "git --help"
[0m13:56:43.850411 [debug] [MainThread]: STDOUT: "b"usage: git [-v | --version] [-h | --help] [-C <path>] [-c <name>=<value>]\n           [--exec-path[=<path>]] [--html-path] [--man-path] [--info-path]\n           [-p | --paginate | -P | --no-pager] [--no-replace-objects] [--no-lazy-fetch]\n           [--no-optional-locks] [--no-advice] [--bare] [--git-dir=<path>]\n           [--work-tree=<path>] [--namespace=<name>] [--config-env=<name>=<envvar>]\n           <command> [<args>]\n\nThese are common Git commands used in various situations:\n\nstart a working area (see also: git help tutorial)\n   clone      Clone a repository into a new directory\n   init       Create an empty Git repository or reinitialize an existing one\n\nwork on the current change (see also: git help everyday)\n   add        Add file contents to the index\n   mv         Move or rename a file, a directory, or a symlink\n   restore    Restore working tree files\n   rm         Remove files from the working tree and from the index\n\nexamine the history and state (see also: git help revisions)\n   bisect     Use binary search to find the commit that introduced a bug\n   diff       Show changes between commits, commit and working tree, etc\n   grep       Print lines matching a pattern\n   log        Show commit logs\n   show       Show various types of objects\n   status     Show the working tree status\n\ngrow, mark and tweak your common history\n   backfill   Download missing objects in a partial clone\n   branch     List, create, or delete branches\n   commit     Record changes to the repository\n   history    EXPERIMENTAL: Rewrite history\n   merge      Join two or more development histories together\n   rebase     Reapply commits on top of another base tip\n   reset      Set `HEAD` or the index to a known state\n   switch     Switch branches\n   tag        Create, list, delete or verify tags\n\ncollaborate (see also: git help workflows)\n   fetch      Download objects and refs from another repository\n   pull       Fetch from and integrate with another repository or a local branch\n   push       Update remote refs along with associated objects\n\n'git help -a' and 'git help -g' list available subcommands and some\nconcept guides. See 'git help <command>' or 'git help <concept>'\nto read about a specific subcommand or concept.\nSee 'git help git' for an overview of the system.\n""
[0m13:56:43.851832 [debug] [MainThread]: STDERR: "b''"
[0m13:56:43.852686 [info ] [MainThread]:  - git [[32mOK found[0m]

[0m13:56:43.853425 [info ] [MainThread]: Connection:
[0m13:56:43.854104 [info ] [MainThread]:   host: localhost
[0m13:56:43.854977 [info ] [MainThread]:   port: 5432
[0m13:56:43.855859 [info ] [MainThread]:   user: kusanya
[0m13:56:43.856552 [info ] [MainThread]:   database: kusanya
[0m13:56:43.857263 [info ] [MainThread]:   schema: public
[0m13:56:43.858046 [info ] [MainThread]:   connect_timeout: 10
[0m13:56:43.858928 [info ] [MainThread]:   role: None
[0m13:56:43.860194 [info ] [MainThread]:   search_path: None
[0m13:56:43.861144 [info ] [MainThread]:   keepalives_idle: 0
[0m13:56:43.862067 [info ] [MainThread]:   sslmode: disable
[0m13:56:43.863338 [info ] [MainThread]:   sslcert: None
[0m13:56:43.864470 [info ] [MainThread]:   sslkey: None
[0m13:56:43.865318 [info ] [MainThread]:   sslrootcert: None
[0m13:56:43.866185 [info ] [MainThread]:   application_name: dbt
[0m13:56:43.867035 [info ] [MainThread]:   autocommit: False
[0m13:56:43.867834 [info ] [MainThread]:   retries: 1
[0m13:56:43.869379 [info ] [MainThread]: Registered adapter: postgres=1.11.0
[0m13:56:44.728403 [debug] [MainThread]: Acquiring new postgres connection 'debug'
[0m13:56:44.988179 [debug] [MainThread]: Using postgres connection "debug"
[0m13:56:44.988794 [debug] [MainThread]: On debug: select 1 as id
[0m13:56:44.989230 [debug] [MainThread]: Opening a new connection, currently in state init
[0m13:56:45.111771 [debug] [MainThread]: Postgres adapter: Got a retryable error when attempting to open a postgres connection.
1 attempts remaining. Retrying in 0 seconds.
Error:
connection to server at "localhost" (::1), port 5432 failed: FATAL:  password authentication failed for user "kusanya"

[0m13:56:45.168293 [debug] [MainThread]: Postgres adapter: Error running SQL: select 1 as id
[0m13:56:45.169088 [debug] [MainThread]: Postgres adapter: Rolling back transaction.
[0m13:56:45.169726 [debug] [MainThread]: On debug: No close available on handle
[0m13:56:45.170278 [info ] [MainThread]:   Connection test: [[31mERROR[0m]

[0m13:56:45.171069 [info ] [MainThread]: [31m2 checks failed:[0m
[0m13:56:45.171829 [info ] [MainThread]: Project loading failed for the following reason:
 project path <C:\Users\Gonza\OneDrive\Documents\GDrive\Kusanya\Dev\kusanya\dbt_project.yml> not found

[0m13:56:45.172489 [info ] [MainThread]: dbt was unable to connect to the specified database.
The database returned the following error:

  >Database Error
  connection to server at "localhost" (::1), port 5432 failed: FATAL:  password authentication failed for user "kusanya"
  

Check your database credentials and try again. For more information, visit:
https://docs.getdbt.com/docs/configure-your-profile


[0m13:56:45.173756 [debug] [MainThread]: Command `dbt debug` failed at 13:56:45.173584 after 1.98 seconds
[0m13:56:45.174230 [debug] [MainThread]: Connection 'debug' was properly closed.
[0m13:56:45.174698 [debug] [MainThread]: Sending event: {'category': 'dbt', 'action': 'invocation', 'label': 'end', 'context': [<snowplow_tracker.self_describing_json.SelfDescribingJson object at 0x000001DCB3CB2780>, <snowplow_tracker.self_describing_json.SelfDescribingJson object at 0x000001DCB3D0A8D0>, <snowplow_tracker.self_describing_json.SelfDescribingJson object at 0x000001DCB3CEACF0>]}
[0m13:56:45.175368 [debug] [MainThread]: Flushing usage events
[0m13:56:46.485104 [debug] [MainThread]: An error was encountered while trying to flush usage events
